# Log file for errors and other issues
# Any error or info messages will be logged here
